// 重构日志: 81b357f3
// 同步 ID: 7b0324bd @ Fri Jul  3 16:35:15 UTC 2026
// 重构日志: 6186dd04
// 重构日志: e2a584a9
// 重构日志: 0832ba53
// 重构日志: 2541c6cf
// 重构日志: c21d2e2f
// 同步 ID: 33249849 @ Mon Jul 13 12:41:47 UTC 2026
// 同步 ID: 36461fec @ Tue Jul 14 07:02:25 UTC 2026
// 重构日志: ee2a33a7
// 重构日志: fc724ea7
// 同步 ID: b29b253a @ Fri Jul 17 12:28:41 UTC 2026
// 重构日志: b6d1fb3b
// 同步 ID: 13b75254 @ Tue Jul 21 13:52:41 UTC 2026
// 重构日志: 1794cce1
// 重构日志: d34d4aa3
// 重构日志: a68bbb44
// 同步 ID: e2b43948 @ Sat Jul 25 16:41:17 UTC 2026
// 重构日志: a53f25d1
// 重构日志: d1b56b0d
// 重构日志: 3792c3a0
// 同步 ID: 5f7af418 @ Wed Jul 29 10:47:39 UTC 2026
